Microchip MPLAB XC8 Compiler V1.41 ()

Linker command line:

-W-3 --edf=/Applications/microchip/xc8/v1.41/dat/en_msgs.txt -cs \
  -h+dist/default/production/HDMI_CEC.X.production.sym \
  --cmf=dist/default/production/HDMI_CEC.X.production.cmf -z -Q16F628A \
  -o/tmp/xclPDMLGA -Mdist/default/production/HDMI_CEC.X.production.map -E1 \
  -ver=XC8 -ASTACK=04Fh-06fh -pstack=STACK -ACODE=00h-07FFh \
  -ASTRCODE=00h-07FFh -ASTRING=00h-0FFhx8 -ACONST=00h-0FFhx8 \
  -AENTRY=00h-0FFhx8 -ACOMMON=070h-07Fh -ABANK0=020h-06Fh -ABANK1=0A0h-0EFh \
  -ABANK2=0120h-014Fh -ARAM=020h-06Fh,0A0h-0EFh,0120h-014Fh \
  -AABS1=020h-07Fh,0A0h-0EFh,0120h-014Fh -ASFR0=00h-01Fh -ASFR1=080h-09Fh \
  -ASFR2=0100h-011Fh -ASFR3=0180h-01EFh \
  -preset_vec=00h,intentry=04h,init,end_init -ppowerup=CODE -pcinit=CODE \
  -pfunctab=CODE -ACONFIG=02007h-02007h -pconfig=CONFIG -DCONFIG=2 \
  -AIDLOC=02000h-02003h -pidloc=IDLOC -DIDLOC=2 -AEEDATA=00h-07Fh/02100h \
  -peeprom_data=EEDATA -DEEDATA=2 -DCODE=2 -DSTRCODE=2 -DSTRING=2 -DCONST=2 \
  -DENTRY=2 -k /tmp/xcPo5ay7a.obj \
  dist/default/production/HDMI_CEC.X.production.obj 

Object code version is 3.11

Machine type is 16F628A



                Name                               Link     Load   Length Selector   Space Scale
/tmp/xcPo5ay7a.obj
                end_init                             10       10        1        8       0
                reset_vec                             0        0        1        0       0
                config                             2007     2007        1     400E       0
dist/default/production/HDMI_CEC.X.production.obj
                cinit                                11       11       33        8       0
                intentry                              4        4        C        8       0
                text11                              4B0      4B0       2D      8A0       0
                text10                              481      481       2F      8A0       0
                text9                               2E9      2E9       DE        8       0
                text8                               55A      55A        3      8A0       0
                text7                               544      544        E      8A0       0
                text6                               450      450       31      8A0       0
                text5                               51E      51E       16      8A0       0
                text4                               1A6      1A6      143        8       0
                text3                               3C7      3C7       51        8       0
                text2                               508      508       16      8A0       0
                text1                                44       44      162        8       0
                maintext                            4DD      4DD       2B      8A0       0
                cstackBANK0                          20       20       24       20       1
                cstackCOMMON                         70       70        D       70       1
                cstackBANK1                          A0       A0       19       A0       1
                clrtext                             552      552        8      8A0       0
                bssBANK2                            120      120       2D      120       1
                dataBANK1                            CF       CF       10       A0       1
                bssBANK1                             B9       B9       16       A0       1
                bssBANK0                             44       44        B       20       1
                bssCOMMON                            7D       7D        1       70       1
                strings                             418      418       38      830       0
                nvBANK1                              DF       DF        1       A0       1
                idataBANK1                          534      534       10      8A0       0

TOTAL           Name                               Link     Load   Length     Space
        CLASS   STACK          

        CLASS   CODE           
                end_init                             10       10        1         0
                cinit                                11       11       33         0
                intentry                              4        4        C         0
                reset_vec                             0        0        1         0
                text11                              4B0      4B0       2D         0
                text10                              481      481       2F         0
                text9                               2E9      2E9       DE         0
                text8                               55A      55A        3         0
                text7                               544      544        E         0
                text6                               450      450       31         0
                text5                               51E      51E       16         0
                text4                               1A6      1A6      143         0
                text3                               3C7      3C7       51         0
                text2                               508      508       16         0
                text1                                44       44      162         0
                maintext                            4DD      4DD       2B         0
                clrtext                             552      552        8         0
                idataBANK1                          534      534       10         0

        CLASS   STRCODE        

        CLASS   STRING         
                strings                             418      418       38         0

        CLASS   CONST          

        CLASS   ENTRY          

        CLASS   COMMON         
                cstackCOMMON                         70       70        D         1
                bssCOMMON                            7D       7D        1         1

        CLASS   BANK0          
                cstackBANK0                          20       20       24         1
                bssBANK0                             44       44        B         1

        CLASS   BANK1          
                cstackBANK1                          A0       A0       19         1
                dataBANK1                            CF       CF       10         1
                bssBANK1                             B9       B9       16         1
                nvBANK1                              DF       DF        1         1

        CLASS   BANK2          
                bssBANK2                            120      120       2D         1

        CLASS   RAM            

        CLASS   ABS1           
                abs_s1                               7E       7E        2         1

        CLASS   SFR0           

        CLASS   SFR1           

        CLASS   SFR2           

        CLASS   SFR3           

        CLASS   CONFIG         
                config                             2007     2007        1         0

        CLASS   IDLOC          

        CLASS   EEDATA         

        CLASS   BANK3          



SEGMENTS        Name                           Load    Length   Top    Selector   Space  Class     Delta

                reset_vec                      000000  000001  000001         0       0  CODE        2
                intentry                       000004  000414  000418         8       0  CODE        2
                cstackBANK0                    000020  00002F  00004F        20       1  BANK0       1
                cstackCOMMON                   000070  00000E  00007E        70       1  COMMON      1
                cstackBANK1                    0000A0  000040  0000E0        A0       1  BANK1       1
                bssBANK2                       000120  00002D  00014D       120       1  BANK2       1
                strings                        000418  000038  000450       830       0  STRING      2
                text6                          000450  00010D  00055D       8A0       0  CODE        2
                config                         002007  000001  002008      400E       0  CONFIG      2


UNUSED ADDRESS RANGES

        Name                Unused          Largest block    Delta
        BANK0            004F-006F             21           1
        BANK1            00E0-00EF             10           1
        BANK2            014D-014F              3           1
        CODE             0001-0003              3           2
                         055D-07FF            2A3
        CONST            0001-0003              3           2
                         055D-07FF            100
        EEDATA           2100-217F             80           2
        ENTRY            0001-0003              3           2
                         055D-07FF            100
        IDLOC            2000-2003              4           2
        RAM              004F-006F             21           1
                         00E0-00EF             10
                         014D-014F              3
        SFR0             0000-001F             20           1
        SFR1             0080-009F             20           1
        SFR2             0100-011F             20           1
        SFR3             0180-01EF             70           1
        STACK            004F-006F             21           1
        STRCODE          0001-0003              3           2
                         055D-07FF            2A3
        STRING           0001-0003              3           2
                         055D-07FF            100

                                  Symbol Table

CEC_CAPTURE_EVENT@F682          bssBANK1     00B9
CEC_CAPTURE_EVENT@bit_counter   cstackBANK1  00B8
CEC_CAPTURE_EVENT@frame_buffer  cstackBANK1  00B6
CEC_CAPTURE_EVENT@timing_buffer cstackBANK1  00A0
CEC_PUSH_BUFFER@Data            cstackBANK0  0020
CEC_PUSH_BUFFER@frame           cstackCOMMON 0077
CEC_SC_SENDBUFFER@bits          cstackBANK0  0022
CEC_SC_SENDBUFFER@buffer        cstackBANK0  0024
CEC_SC_SENDBUFFER@data          cstackBANK0  0020
CEC_SC_SENDBUFFER@frame         cstackBANK0  0023
ISR@rx                          cstackCOMMON 007C
UART_EVENT@F665                 bssBANK0     0044
UART_EVENT@data                 cstackBANK0  002D
UART_EVENT@i                    cstackBANK0  0038
UART_EVENT@i_223                cstackBANK0  0033
UART_EVENT@i_225                cstackBANK0  0034
UART_EVENT@i_227                cstackBANK0  0035
UART_EVENT@i_229                cstackBANK0  0036
UART_EVENT@i_230                cstackBANK0  0037
UART_puts@c                     cstackBANK0  003F
_CCP1CON                        (abs)        0017
_CCP1IF                         (abs)        0062
_CCPR1                          (abs)        0015
_CEC_CAPTURE_EVENT              text1        0044
_CEC_IF                         nvBANK1      00DF
_CEC_OUTPUT_BUFFER              bssBANK2     0120
_CEC_PUSH_BUFFER                text10       0481
_CEC_SC_SENDBUFFER              text9        02E9
_CEC_SEND                       text8        055A
_HexToASCII                     dataBANK1    00CF
_INTCON                         (abs)        000B
_ISR                            text3        03C7
_PIE1                           (abs)        008C
_PIE1bits                       (abs)        008C
_PIR1                           (abs)        000C
_PIR1bits                       (abs)        000C
_PORTA                          (abs)        0005
_PORTAbits                      (abs)        0005
_PORTB                          (abs)        0006
_PORTBbits                      (abs)        0006
_RCIF                           (abs)        0065
_RCREG                          (abs)        001A
_RCSTA                          (abs)        0018
_SPBRG                          (abs)        0099
_SPEN                           (abs)        00C7
_T1CON                          (abs)        0010
_TMR1                           (abs)        000E
_TMR1IE                         (abs)        0460
_TMR1IF                         (abs)        0060
_TMR1ON                         (abs)        0080
_TRISA                          (abs)        0085
_TRISBbits                      (abs)        0086
_TXIF                           (abs)        0064
_TXREG                          (abs)        0019
_TXSTA                          (abs)        0098
_UART_EVENT                     text4        01A6
_UART_puts                      text2        0508
__CFG_BOREN$OFF                 (abs)        0000
__CFG_CP$OFF                    (abs)        0000
__CFG_CPD$OFF                   (abs)        0000
__CFG_FOSC$HS                   (abs)        0000
__CFG_LVP$OFF                   (abs)        0000
__CFG_MCLRE$ON                  (abs)        0000
__CFG_PWRTE$OFF                 (abs)        0000
__CFG_WDTE$OFF                  (abs)        0000
__Habs1                         abs1         0000
__Hbank0                        bank0        0000
__Hbank1                        bank1        0000
__Hbank2                        bank2        0000
__Hbank3                        bank3        0000
__HbssBANK0                     bssBANK0     0000
__HbssBANK1                     bssBANK1     0000
__HbssBANK2                     bssBANK2     0000
__HbssCOMMON                    bssCOMMON    0000
__Hcinit                        cinit        0044
__Hclrtext                      clrtext      0000
__Hcode                         code         0000
__Hcommon                       common       0000
__Hconfig                       config       2008
__HcstackBANK0                  cstackBANK0  0000
__HcstackBANK1                  cstackBANK1  0000
__HcstackCOMMON                 cstackCOMMON 0000
__HdataBANK1                    dataBANK1    0000
__Heeprom_data                  eeprom_data  0000
__Hend_init                     end_init     0011
__Hfunctab                      functab      0000
__HidataBANK1                   idataBANK1   0000
__Hidloc                        idloc        0000
__Hinit                         init         0010
__Hintentry                     intentry     0010
__Hmaintext                     maintext     0000
__HnvBANK1                      nvBANK1      0000
__Hpowerup                      powerup      0000
__Hram                          ram          0000
__Hreset_vec                    reset_vec    0001
__Hsfr0                         sfr0         0000
__Hsfr1                         sfr1         0000
__Hsfr2                         sfr2         0000
__Hsfr3                         sfr3         0000
__Hspace_0                      (abs)        2008
__Hspace_1                      (abs)        014D
__Hspace_2                      (abs)        0000
__Hspace_3                      (abs)        0000
__Hstack                        stack        0000
__Hstrings                      strings      0000
__Htext                         text         0000
__Labs1                         abs1         0000
__Lbank0                        bank0        0000
__Lbank1                        bank1        0000
__Lbank2                        bank2        0000
__Lbank3                        bank3        0000
__LbssBANK0                     bssBANK0     0000
__LbssBANK1                     bssBANK1     0000
__LbssBANK2                     bssBANK2     0000
__LbssCOMMON                    bssCOMMON    0000
__Lcinit                        cinit        0011
__Lclrtext                      clrtext      0000
__Lcode                         code         0000
__Lcommon                       common       0000
__Lconfig                       config       2007
__LcstackBANK0                  cstackBANK0  0000
__LcstackBANK1                  cstackBANK1  0000
__LcstackCOMMON                 cstackCOMMON 0000
__LdataBANK1                    dataBANK1    0000
__Leeprom_data                  eeprom_data  0000
__Lend_init                     end_init     0010
__Lfunctab                      functab      0000
__LidataBANK1                   idataBANK1   0000
__Lidloc                        idloc        0000
__Linit                         init         0010
__Lintentry                     intentry     0004
__Lmaintext                     maintext     0000
__LnvBANK1                      nvBANK1      0000
__Lpowerup                      powerup      0000
__Lram                          ram          0000
__Lreset_vec                    reset_vec    0000
__Lsfr0                         sfr0         0000
__Lsfr1                         sfr1         0000
__Lsfr2                         sfr2         0000
__Lsfr3                         sfr3         0000
__Lspace_0                      (abs)        0000
__Lspace_1                      (abs)        0000
__Lspace_2                      (abs)        0000
__Lspace_3                      (abs)        0000
__Lstack                        stack        0000
__Lstrings                      strings      0000
__Ltext                         text         0000
__S0                            (abs)        2008
__S1                            (abs)        014D
__S2                            (abs)        0000
__S3                            (abs)        0000
___int_sp                       stack        0000
___latbits                      (abs)        0000
___sp                           stack        0000
__end_of_CEC_CAPTURE_EVENT      text1        01A6
__end_of_CEC_PUSH_BUFFER        text10       04B0
__end_of_CEC_SC_SENDBUFFER      text9        03C7
__end_of_CEC_SEND               text8        055D
__end_of_ISR                    text3        0418
__end_of_UART_EVENT             text4        02E9
__end_of_UART_puts              text2        051E
__end_of__initialization        cinit        0042
__end_of__stringtab             strings      041E
__end_of_add_frame              text11       04DD
__end_of_clear_bits             text7        0552
__end_of_clear_buffer           text6        0481
__end_of_main                   maintext     0508
__end_ofi1_UART_puts            text5        0534
__initialization                cinit        0011
__pbssBANK0                     bssBANK0     0044
__pbssBANK1                     bssBANK1     00B9
__pbssBANK2                     bssBANK2     0120
__pbssCOMMON                    bssCOMMON    007D
__pcstackBANK0                  cstackBANK0  0020
__pcstackBANK1                  cstackBANK1  00A0
__pcstackCOMMON                 cstackCOMMON 0070
__pdataBANK1                    dataBANK1    00CF
__pidataBANK1                   idataBANK1   0534
__pintentry                     intentry     0004
__pmaintext                     maintext     04DD
__pnvBANK1                      nvBANK1      00DF
__pstrings                      strings      0418
__ptext1                        text1        0044
__ptext10                       text10       0481
__ptext11                       text11       04B0
__ptext2                        text2        0508
__ptext3                        text3        03C7
__ptext4                        text4        01A6
__ptext5                        text5        051E
__ptext6                        text6        0450
__ptext7                        text7        0544
__ptext8                        text8        055A
__ptext9                        text9        02E9
__size_of_CEC_CAPTURE_EVENT     (abs)        0000
__size_of_CEC_PUSH_BUFFER       (abs)        0000
__size_of_CEC_SC_SENDBUFFER     (abs)        0000
__size_of_CEC_SEND              (abs)        0000
__size_of_ISR                   (abs)        0000
__size_of_UART_EVENT            (abs)        0000
__size_of_UART_puts             (abs)        0000
__size_of_add_frame             (abs)        0000
__size_of_clear_bits            (abs)        0000
__size_of_clear_buffer          (abs)        0000
__size_of_main                  (abs)        0000
__size_ofi1_UART_puts           (abs)        0000
__stringbase                    strings      041D
__stringtab                     strings      0418
_add_frame                      text11       04B0
_clear_bits                     text7        0544
_clear_buffer                   text6        0450
_main                           maintext     04DD
_step                           bssCOMMON    007D
_uart_buffer                    bssBANK0     004A
add_frame@buffer                cstackCOMMON 0074
add_frame@frame                 cstackCOMMON 0070
btemp                           (abs)        007E
clear_bits@frame                cstackCOMMON 0070
clear_buffer@buffer             cstackCOMMON 0074
clear_buffer@i                  cstackCOMMON 0072
clear_ram0                      clrtext      0552
end_of_initialization           cinit        0042
i1UART_puts@c                   cstackCOMMON 0071
i1_UART_puts                    text5        051E
interrupt_function              intentry     0004
intlevel0                       functab      0000
intlevel1                       functab      0000
intlevel2                       functab      0000
intlevel3                       functab      0000
intlevel4                       functab      0000
intlevel5                       functab      0000
reset_vec                       reset_vec    0000
saved_w                         (abs)        007E
stackhi                         (abs)        0000
stacklo                         (abs)        0000
start                           init         0010
start_initialization            cinit        0011
wtemp0                          (abs)        007E


FUNCTION INFORMATION:

 *************** function _main *****************
 Defined at:
		line 48 in file "main.c"
 Parameters:    Size  Location     Type
		None
 Auto vars:     Size  Location     Type
		None
 Return value:  Size  Location     Type
                  1    wreg      void 
 Registers used:
		wreg, fsr0l, fsr0h, status,2, status,0, pclath, cstack
 Tracked objects:
		On entry : 
		On exit  : 
		Unchanged: 
 Data sizes:     COMMON   BANK0   BANK1   BANK2
      Params:         0       0       0       0
      Locals:         0       0       0       0
      Temps:          0       0       0       0
      Totals:         0       0       0       0
Total ram usage:        0 bytes
 Hardware stack levels required when called:    6
 This function calls:
		_CEC_CAPTURE_EVENT
 This function is called by:
		Startup code after reset
 This function uses a non-reentrant model


 *************** function _CEC_CAPTURE_EVENT *****************
 Defined at:
		line 149 in file "main.c"
 Parameters:    Size  Location     Type
		None
 Auto vars:     Size  Location     Type
  timing_buffe   22    0[BANK1 ] unsigned short [11]
  frame_buffer    2   22[BANK1 ] unsigned short 
  bit_counter     1   24[BANK1 ] unsigned char 
 Return value:  Size  Location     Type
                  1    wreg      void 
 Registers used:
		wreg, fsr0l, fsr0h, status,2, status,0, pclath, cstack
 Tracked objects:
		On entry : 
		On exit  : 
		Unchanged: 
 Data sizes:     COMMON   BANK0   BANK1   BANK2
      Params:         0       0       0       0
      Locals:         0       0      25       0
      Temps:          0       4       0       0
      Totals:         0       4      25       0
Total ram usage:       29 bytes
 Hardware stack levels used:    1
 Hardware stack levels required when called:    5
 This function calls:
		_UART_puts
 This function is called by:
		_main
 This function uses a non-reentrant model


 *************** function _UART_puts *****************
 Defined at:
		line 8 in file "RegConfiguration.c"
 Parameters:    Size  Location     Type
  c               1    wreg     PTR const unsigned char 
		 -> STR_10(7), STR_9(4), STR_8(7), STR_7(4), 
		 -> STR_6(7), STR_5(7), STR_4(7), STR_3(7), 
		 -> STR_2(7), STR_1(7), 
 Auto vars:     Size  Location     Type
  c               1   31[BANK0 ] PTR const unsigned char 
		 -> STR_10(7), STR_9(4), STR_8(7), STR_7(4), 
		 -> STR_6(7), STR_5(7), STR_4(7), STR_3(7), 
		 -> STR_2(7), STR_1(7), 
 Return value:  Size  Location     Type
                  1    wreg      void 
 Registers used:
		wreg, fsr0l, fsr0h, status,2, status,0, pclath
 Tracked objects:
		On entry : 
		On exit  : 
		Unchanged: 
 Data sizes:     COMMON   BANK0   BANK1   BANK2
      Params:         0       0       0       0
      Locals:         0       1       0       0
      Temps:          0       1       0       0
      Totals:         0       2       0       0
Total ram usage:        2 bytes
 Hardware stack levels used:    1
 Hardware stack levels required when called:    4
 This function calls:
		Nothing
 This function is called by:
		_CEC_CAPTURE_EVENT
 This function uses a non-reentrant model


 *************** function _ISR *****************
 Defined at:
		line 5 in file "InterruptControl.c"
 Parameters:    Size  Location     Type
		None
 Auto vars:     Size  Location     Type
  rx              1   12[COMMON] volatile unsigned char 
 Return value:  Size  Location     Type
                  1    wreg      void 
 Registers used:
		wreg, fsr0l, fsr0h, status,2, status,0, btemp+1, pclath, cstack
 Tracked objects:
		On entry : 
		On exit  : 
		Unchanged: 
 Data sizes:     COMMON   BANK0   BANK1   BANK2
      Params:         0       0       0       0
      Locals:         1       0       0       0
      Temps:          0       5       0       0
      Totals:         1       5       0       0
Total ram usage:        6 bytes
 Hardware stack levels used:    1
 Hardware stack levels required when called:    3
 This function calls:
		_UART_EVENT
		_clear_buffer
		i1_UART_puts
 This function is called by:
		Interrupt level 1
 This function uses a non-reentrant model


 *************** function _UART_EVENT *****************
 Defined at:
		line 68 in file "main.c"
 Parameters:    Size  Location     Type
		None
 Auto vars:     Size  Location     Type
  i               1   20[BANK0 ] unsigned char 
  i               1   22[BANK0 ] unsigned char 
  i               1   21[BANK0 ] unsigned char 
  i               1   19[BANK0 ] unsigned char 
  i               1   23[BANK0 ] unsigned char 
  i               1   24[BANK0 ] unsigned char 
  data            6   13[BANK0 ] unsigned int [3]
 Return value:  Size  Location     Type
                  1    wreg      void 
 Registers used:
		wreg, fsr0l, fsr0h, status,2, status,0, btemp+1, pclath, cstack
 Tracked objects:
		On entry : 
		On exit  : 
		Unchanged: 
 Data sizes:     COMMON   BANK0   BANK1   BANK2
      Params:         0       0       0       0
      Locals:         0      12       0       0
      Temps:          0       8       0       0
      Totals:         0      20       0       0
Total ram usage:       20 bytes
 Hardware stack levels used:    1
 Hardware stack levels required when called:    2
 This function calls:
		_CEC_PUSH_BUFFER
		_CEC_SEND
		_clear_buffer
		i1_UART_puts
 This function is called by:
		_ISR
 This function uses a non-reentrant model


 *************** function i1_UART_puts *****************
 Defined at:
		line 8 in file "RegConfiguration.c"
 Parameters:    Size  Location     Type
  c               1    wreg     PTR const unsigned char 
		 -> STR_10(7), STR_9(4), STR_8(7), STR_7(4), 
		 -> STR_6(7), STR_5(7), STR_4(7), STR_3(7), 
		 -> STR_2(7), STR_1(7), 
 Auto vars:     Size  Location     Type
  c               1    1[COMMON] PTR const unsigned char 
		 -> STR_10(7), STR_9(4), STR_8(7), STR_7(4), 
		 -> STR_6(7), STR_5(7), STR_4(7), STR_3(7), 
		 -> STR_2(7), STR_1(7), 
 Return value:  Size  Location     Type
                  1    wreg      void 
 Registers used:
		wreg, fsr0l, fsr0h, status,2, status,0, pclath
 Tracked objects:
		On entry : 
		On exit  : 
		Unchanged: 
 Data sizes:     COMMON   BANK0   BANK1   BANK2
      Params:         0       0       0       0
      Locals:         1       0       0       0
      Temps:          1       0       0       0
      Totals:         2       0       0       0
Total ram usage:        2 bytes
 Hardware stack levels used:    2
 This function calls:
		Nothing
 This function is called by:
		_UART_EVENT
		_ISR
 This function uses a non-reentrant model


 *************** function _clear_buffer *****************
 Defined at:
		line 4 in file "CEC_DATA_STRUCT.c"
 Parameters:    Size  Location     Type
  buffer          1    wreg     PTR struct BUFFER
		 -> CEC_OUTPUT_BUFFER(45), 
 Auto vars:     Size  Location     Type
  buffer          1    4[COMMON] PTR struct BUFFER
		 -> CEC_OUTPUT_BUFFER(45), 
  i               2    2[COMMON] int 
 Return value:  Size  Location     Type
                  1    wreg      void 
 Registers used:
		wreg, fsr0l, fsr0h, status,2, status,0, btemp+1, pclath, cstack
 Tracked objects:
		On entry : 
		On exit  : 
		Unchanged: 
 Data sizes:     COMMON   BANK0   BANK1   BANK2
      Params:         0       0       0       0
      Locals:         3       0       0       0
      Temps:          1       0       0       0
      Totals:         4       0       0       0
Total ram usage:        4 bytes
 Hardware stack levels used:    1
 Hardware stack levels required when called:    1
 This function calls:
		_clear_bits
 This function is called by:
		_UART_EVENT
		_ISR
 This function uses a non-reentrant model


 *************** function _clear_bits *****************
 Defined at:
		line 24 in file "CEC_DATA_STRUCT.c"
 Parameters:    Size  Location     Type
  frame           1    wreg     PTR struct FRAME
		 -> CEC_OUTPUT_BUFFER.frames(44), CEC_OUTPUT_BUFFER(45), 
 Auto vars:     Size  Location     Type
  frame           1    0[COMMON] PTR struct FRAME
		 -> CEC_OUTPUT_BUFFER.frames(44), CEC_OUTPUT_BUFFER(45), 
 Return value:  Size  Location     Type
                  1    wreg      void 
 Registers used:
		wreg, fsr0l, fsr0h, status,2, status,0
 Tracked objects:
		On entry : 
		On exit  : 
		Unchanged: 
 Data sizes:     COMMON   BANK0   BANK1   BANK2
      Params:         0       0       0       0
      Locals:         1       0       0       0
      Temps:          0       0       0       0
      Totals:         1       0       0       0
Total ram usage:        1 bytes
 Hardware stack levels used:    1
 This function calls:
		Nothing
 This function is called by:
		_clear_buffer
 This function uses a non-reentrant model


 *************** function _CEC_SEND *****************
 Defined at:
		line 4 in file "CEC_CONTROL.c"
 Parameters:    Size  Location     Type
		None
 Auto vars:     Size  Location     Type
		None
 Return value:  Size  Location     Type
                  1    wreg      unsigned char 
 Registers used:
		wreg, fsr0l, fsr0h, status,2, status,0, pclath, cstack
 Tracked objects:
		On entry : 
		On exit  : 
		Unchanged: 
 Data sizes:     COMMON   BANK0   BANK1   BANK2
      Params:         0       0       0       0
      Locals:         0       0       0       0
      Temps:          0       0       0       0
      Totals:         0       0       0       0
Total ram usage:        0 bytes
 Hardware stack levels used:    1
 Hardware stack levels required when called:    1
 This function calls:
		_CEC_SC_SENDBUFFER
 This function is called by:
		_UART_EVENT
 This function uses a non-reentrant model


 *************** function _CEC_SC_SENDBUFFER *****************
 Defined at:
		line 20 in file "CEC_SENDER_CONTROLLER.c"
 Parameters:    Size  Location     Type
  buffer          1    wreg     PTR struct BUFFER
		 -> CEC_OUTPUT_BUFFER(45), 
 Auto vars:     Size  Location     Type
  buffer          1    4[BANK0 ] PTR struct BUFFER
		 -> CEC_OUTPUT_BUFFER(45), 
  bits            1    2[BANK0 ] unsigned char 
  data            2    0[BANK0 ] unsigned int 
  frame           1    3[BANK0 ] unsigned char 
 Return value:  Size  Location     Type
                  1    wreg      unsigned char 
 Registers used:
		wreg, fsr0l, fsr0h, status,2, status,0
 Tracked objects:
		On entry : 
		On exit  : 
		Unchanged: 
 Data sizes:     COMMON   BANK0   BANK1   BANK2
      Params:         0       0       0       0
      Locals:         0       5       0       0
      Temps:         12       0       0       0
      Totals:        12       5       0       0
Total ram usage:       17 bytes
 Hardware stack levels used:    1
 This function calls:
		Nothing
 This function is called by:
		_CEC_SEND
 This function uses a non-reentrant model


 *************** function _CEC_PUSH_BUFFER *****************
 Defined at:
		line 7 in file "CEC_CONTROL.c"
 Parameters:    Size  Location     Type
  frame           2    7[COMMON] volatile unsigned int 
 Auto vars:     Size  Location     Type
  Data            4    0[BANK0 ] volatile struct FRAME
 Return value:  Size  Location     Type
                  1    wreg      unsigned char 
 Registers used:
		wreg, fsr0l, fsr0h, status,2, status,0, pclath, cstack
 Tracked objects:
		On entry : 
		On exit  : 
		Unchanged: 
 Data sizes:     COMMON   BANK0   BANK1   BANK2
      Params:         2       0       0       0
      Locals:         0       4       0       0
      Temps:          3       0       0       0
      Totals:         5       4       0       0
Total ram usage:        9 bytes
 Hardware stack levels used:    1
 Hardware stack levels required when called:    1
 This function calls:
		_add_frame
 This function is called by:
		_UART_EVENT
 This function uses a non-reentrant model


 *************** function _add_frame *****************
 Defined at:
		line 15 in file "CEC_DATA_STRUCT.c"
 Parameters:    Size  Location     Type
  frame           4    0[COMMON] struct FRAME
  buffer          1    4[COMMON] PTR struct BUFFER
		 -> CEC_OUTPUT_BUFFER(45), 
 Auto vars:     Size  Location     Type
		None
 Return value:  Size  Location     Type
                  1    wreg      unsigned char 
 Registers used:
		wreg, fsr0l, fsr0h, status,2, status,0
 Tracked objects:
		On entry : 
		On exit  : 
		Unchanged: 
 Data sizes:     COMMON   BANK0   BANK1   BANK2
      Params:         5       0       0       0
      Locals:         0       0       0       0
      Temps:          2       0       0       0
      Totals:         7       0       0       0
Total ram usage:        7 bytes
 Hardware stack levels used:    1
 This function calls:
		Nothing
 This function is called by:
		_CEC_PUSH_BUFFER
 This function uses a non-reentrant model



MODULE INFORMATION

Module		Function		Class		Link	Load	Size
RegConfiguration.c
		_UART_puts     		CODE           	0508	0000	23

RegConfiguration.c estimated size: 23

CEC_SENDER_CONTROLLER.c
		_CEC_SC_SENDBUFFER		CODE           	02E9	0000	223

CEC_SENDER_CONTROLLER.c estimated size: 223

CEC_DATA_STRUCT.c
		_add_frame     		CODE           	04B0	0000	46
		_clear_bits    		CODE           	0544	0000	15
		_clear_buffer  		CODE           	0450	0000	50

CEC_DATA_STRUCT.c estimated size: 111

InterruptControl.c
		_ISR           		CODE           	03C7	0000	82

InterruptControl.c estimated size: 82

shared
		__stringtab    		STRING         	0418	0000	7
		i1_UART_puts   		CODE           	051E	0000	23
		__initialization		CODE           	0011	0000	50

shared estimated size: 80

main.c
		_main          		CODE           	04DD	0000	44
		_UART_EVENT    		CODE           	01A6	0000	324
		_CEC_CAPTURE_EVENT		CODE           	0044	0000	355

main.c estimated size: 723

CEC_CONTROL.c
		_CEC_PUSH_BUFFER		CODE           	0481	0000	48
		_CEC_SEND      		CODE           	055A	0000	4

CEC_CONTROL.c estimated size: 52

